// Jest Snapshot v1, https://goo.gl/fbAQLP

exports[`App matches a previously made snapshot 1`] = `
<div id="app">
  <chart-stub></chart-stub>
</div>
`;
